Archive member included to satisfy reference by file (symbol)

/usr/lib/gcc/arm-linux-gnueabihf/10/libgcc.a(_aeabi_uldivmod.o)
                              Build/sp_int.o (__aeabi_uldivmod)
/usr/lib/gcc/arm-linux-gnueabihf/10/libgcc.a(_dvmd_lnx.o)
                              /usr/lib/gcc/arm-linux-gnueabihf/10/libgcc.a(_aeabi_uldivmod.o) (__aeabi_ldiv0)
/usr/lib/gcc/arm-linux-gnueabihf/10/libgcc.a(_udivmoddi4.o)
                              /usr/lib/gcc/arm-linux-gnueabihf/10/libgcc.a(_aeabi_uldivmod.o) (__udivmoddi4)
/usr/lib/arm-linux-gnueabihf/libc_nonshared.a(elf-init.oS)
                              /usr/lib/gcc/arm-linux-gnueabihf/10/../../../arm-linux-gnueabihf/crt1.o (__libc_csu_init)

As-needed library included to satisfy reference by file (symbol)

libc.so.6                     Build/test.o (strncmp@@GLIBC_2.4)

Discarded input sections

 .text          0x00000000       0x3c /usr/lib/gcc/arm-linux-gnueabihf/10/../../../arm-linux-gnueabihf/crt1.o
 .rodata.cst4   0x00000000        0x4 /usr/lib/gcc/arm-linux-gnueabihf/10/../../../arm-linux-gnueabihf/crt1.o
 .ARM.extab     0x00000000        0x0 /usr/lib/gcc/arm-linux-gnueabihf/10/../../../arm-linux-gnueabihf/crt1.o
 .ARM.exidx     0x00000000        0x8 /usr/lib/gcc/arm-linux-gnueabihf/10/../../../arm-linux-gnueabihf/crt1.o
 .data          0x00000000        0x4 /usr/lib/gcc/arm-linux-gnueabihf/10/../../../arm-linux-gnueabihf/crt1.o
 .bss           0x00000000        0x0 /usr/lib/gcc/arm-linux-gnueabihf/10/../../../arm-linux-gnueabihf/crt1.o
 .note.GNU-stack
                0x00000000        0x0 /usr/lib/gcc/arm-linux-gnueabihf/10/../../../arm-linux-gnueabihf/crt1.o
 .ARM.attributes
                0x00000000       0x2f /usr/lib/gcc/arm-linux-gnueabihf/10/../../../arm-linux-gnueabihf/crt1.o
 .data          0x00000000        0x0 /usr/lib/gcc/arm-linux-gnueabihf/10/../../../arm-linux-gnueabihf/crti.o
 .bss           0x00000000        0x0 /usr/lib/gcc/arm-linux-gnueabihf/10/../../../arm-linux-gnueabihf/crti.o
 .note.GNU-stack
                0x00000000        0x0 /usr/lib/gcc/arm-linux-gnueabihf/10/../../../arm-linux-gnueabihf/crti.o
 .data          0x00000000        0x4 /usr/lib/gcc/arm-linux-gnueabihf/10/crtbegin.o
 .rodata        0x00000000       0x90 /usr/lib/gcc/arm-linux-gnueabihf/10/crtbegin.o
 .note.GNU-stack
                0x00000000        0x0 /usr/lib/gcc/arm-linux-gnueabihf/10/crtbegin.o
 .text          0x00000000        0x0 Build/public_key_test.o
 .data          0x00000000        0x0 Build/public_key_test.o
 .bss           0x00000000        0x0 Build/public_key_test.o
 .text.test_RSA
                0x00000000      0x3b8 Build/public_key_test.o
 .rodata.test_DSA.str1.1
                0x00000000       0x23 Build/public_key_test.o
 .text.test_DSA
                0x00000000      0x13c Build/public_key_test.o
 .text.test_DH  0x00000000      0x19c Build/public_key_test.o
 .bss.result    0x00000000       0x20 Build/public_key_test.o
 .bss.ret       0x00000000        0x4 Build/public_key_test.o
 .data.data     0x00000000       0x2c Build/public_key_test.o
 .note.GNU-stack
                0x00000000        0x0 Build/public_key_test.o
 .text          0x00000000        0x0 Build/wolf_main.o
 .data          0x00000000        0x0 Build/wolf_main.o
 .bss           0x00000000        0x0 Build/wolf_main.o
 .text.my_time  0x00000000       0x10 Build/wolf_main.o
 .text.LowResTimer
                0x00000000       0x10 Build/wolf_main.o
 .text.current_time
                0x00000000       0x3c Build/wolf_main.o
 .text.my_rng_gen_block
                0x00000000       0x2e Build/wolf_main.o
 .bss.gTimeMs   0x00000000        0x4 Build/wolf_main.o
 .note.GNU-stack
                0x00000000        0x0 Build/wolf_main.o
 .text          0x00000000        0x0 Build/armtarget.o
 .data          0x00000000        0x0 Build/armtarget.o
 .bss           0x00000000        0x0 Build/armtarget.o
 .note.GNU-stack
                0x00000000        0x0 Build/armtarget.o
 .text          0x00000000        0x0 Build/test.o
 .data          0x00000000        0x0 Build/test.o
 .bss           0x00000000        0x0 Build/test.o
 .rodata.str1.1
                0x00000000      0x489 Build/test.o
 .text.time_cb  0x00000000        0xa Build/test.o
 .rodata.sha3_224_test.str1.1
                0x00000000       0xb2 Build/test.o
 .text.sha3_224_test
                0x00000000      0x16c Build/test.o
 .rodata.sha3_256_test.str1.1
                0x00000000       0x84 Build/test.o
 .text.sha3_256_test
                0x00000000      0x16c Build/test.o
 .rodata.sha3_384_test.str1.1
                0x00000000       0xc4 Build/test.o
 .text.sha3_384_test
                0x00000000      0x16c Build/test.o
 .rodata.sha3_512_test.str1.1
                0x00000000       0xc3 Build/test.o
 .text.sha3_512_test
                0x00000000      0x16c Build/test.o
 .text._rng_test
                0x00000000       0xb0 Build/test.o
 .text.rsa_export_key_test
[...]
Memory Configuration

Name             Origin             Length             Attributes
*default*        0x00000000         0xffffffff

Linker script and memory map

LOAD /usr/lib/gcc/arm-linux-gnueabihf/10/../../../arm-linux-gnueabihf/crt1.o
LOAD /usr/lib/gcc/arm-linux-gnueabihf/10/../../../arm-linux-gnueabihf/crti.o
LOAD /usr/lib/gcc/arm-linux-gnueabihf/10/crtbegin.o
LOAD Build/public_key_test.o
LOAD Build/wolf_main.o
LOAD Build/armtarget.o
LOAD Build/test.o
LOAD Build/benchmark.o
LOAD Build/bio.o
LOAD Build/crl.o
LOAD Build/internal.o
LOAD Build/keys.o
LOAD Build/ocsp.o
LOAD Build/sniffer.o
LOAD Build/ssl.o
LOAD Build/tls.o
LOAD Build/tls13.o
LOAD Build/wolfio.o
LOAD Build/aes.o
LOAD Build/cmac.o
LOAD Build/des3.o
LOAD Build/dh.o
LOAD Build/ecc.o
LOAD Build/hmac.o
LOAD Build/random.o
LOAD Build/rsa.o
LOAD Build/sha.o
LOAD Build/sha256.o
LOAD Build/sha512.o
LOAD Build/sha3.o
LOAD Build/asm.o
LOAD Build/asn.o
LOAD Build/blake2s.o
LOAD Build/chacha.o
LOAD Build/chacha20_poly1305.o
LOAD Build/coding.o
LOAD Build/compress.o
LOAD Build/cpuid.o
LOAD Build/cryptocb.o
LOAD Build/curve25519.o
LOAD Build/curve448.o
LOAD Build/ecc_fp.o
LOAD Build/eccsi.o
LOAD Build/ed25519.o
LOAD Build/ed448.o
LOAD Build/error.o
LOAD Build/fe_448.o
LOAD Build/fe_low_mem.o
LOAD Build/fe_operations.o
LOAD Build/ge_448.o
LOAD Build/ge_low_mem.o
LOAD Build/ge_operations.o
LOAD Build/hash.o
LOAD Build/kdf.o
LOAD Build/integer.o
LOAD Build/logging.o
LOAD Build/md5.o
LOAD Build/memory.o
LOAD Build/misc.o
LOAD Build/pkcs12.o
LOAD Build/pkcs7.o
LOAD Build/poly1305.o
LOAD Build/pwdbased.o
LOAD Build/rc2.o
LOAD Build/sakke.o
LOAD Build/signature.o
LOAD Build/srp.o
LOAD Build/sp_arm32.o
LOAD Build/sp_arm64.o
LOAD Build/sp_armthumb.o
LOAD Build/sp_c32.o
LOAD Build/sp_c64.o
LOAD Build/sp_cortexm.o
LOAD Build/sp_dsp32.o
LOAD Build/sp_int.o
LOAD Build/sp_x86_64.o
LOAD Build/tfm.o
LOAD Build/wc_dsp.o
LOAD Build/wc_encrypt.o
LOAD Build/wc_pkcs11.o
LOAD Build/wc_port.o
LOAD Build/wolfevent.o
LOAD Build/wolfmath.o
LOAD Build/arc4.o
LOAD Build/blake2b.o
LOAD Build/camellia.o
LOAD Build/dsa.o
LOAD Build/md2.o
LOAD Build/md4.o
LOAD Build/ripemd.o
LOAD /usr/lib/gcc/arm-linux-gnueabihf/10/../../../arm-linux-gnueabihf/libm.so
LOAD /usr/lib/gcc/arm-linux-gnueabihf/10/libgcc.a
LOAD /usr/lib/gcc/arm-linux-gnueabihf/10/libgcc_s.so
START GROUP
LOAD /usr/lib/gcc/arm-linux-gnueabihf/10/../../../arm-linux-gnueabihf/libgcc_s.so.1
LOAD /usr/lib/gcc/arm-linux-gnueabihf/10/libgcc.a
END GROUP
LOAD /usr/lib/gcc/arm-linux-gnueabihf/10/../../../arm-linux-gnueabihf/libc.so
START GROUP
LOAD /lib/arm-linux-gnueabihf/libc.so.6
LOAD /usr/lib/arm-linux-gnueabihf/libc_nonshared.a
LOAD /lib/ld-linux-armhf.so.3
END GROUP
LOAD /usr/lib/gcc/arm-linux-gnueabihf/10/libgcc.a
LOAD /usr/lib/gcc/arm-linux-gnueabihf/10/libgcc_s.so
START GROUP
LOAD /usr/lib/gcc/arm-linux-gnueabihf/10/../../../arm-linux-gnueabihf/libgcc_s.so.1
LOAD /usr/lib/gcc/arm-linux-gnueabihf/10/libgcc.a
END GROUP
LOAD /usr/lib/gcc/arm-linux-gnueabihf/10/crtend.o
LOAD /usr/lib/gcc/arm-linux-gnueabihf/10/../../../arm-linux-gnueabihf/crtn.o
                [!provide]                PROVIDE (__executable_start = SEGMENT_START ("text-segment", 0x10000))
                0x00010134                . = (SEGMENT_START ("text-segment", 0x10000) + SIZEOF_HEADERS)

.interp         0x00010134       0x19
 *(.interp)
 .interp        0x00010134       0x19 /usr/lib/gcc/arm-linux-gnueabihf/10/../../../arm-linux-gnueabihf/crt1.o

.note.gnu.build-id
                0x00010150       0x24
 *(.note.gnu.build-id)
 .note.gnu.build-id
                0x00010150       0x24 linker stubs

.note.ABI-tag   0x00010174       0x20
 .note.ABI-tag  0x00010174       0x20 /usr/lib/gcc/arm-linux-gnueabihf/10/../../../arm-linux-gnueabihf/crt1.o

.hash
 *(.hash)

.gnu.hash       0x00010194       0x44
 *(.gnu.hash)
 .gnu.hash      0x00010194       0x44 /usr/lib/gcc/arm-linux-gnueabihf/10/../../../arm-linux-gnueabihf/crt1.o

.dynsym         0x000101d8       0xa0
 *(.dynsym)
 .dynsym        0x000101d8       0xa0 /usr/lib/gcc/arm-linux-gnueabihf/10/../../../arm-linux-gnueabihf/crt1.o

.dynstr         0x00010278       0x6c
 *(.dynstr)
 .dynstr        0x00010278       0x6c /usr/lib/gcc/arm-linux-gnueabihf/10/../../../arm-linux-gnueabihf/crt1.o

.gnu.version    0x000102e4       0x14
 *(.gnu.version)
 .gnu.version   0x000102e4       0x14 /usr/lib/gcc/arm-linux-gnueabihf/10/../../../arm-linux-gnueabihf/crt1.o

.gnu.version_d  0x000102f8        0x0
 *(.gnu.version_d)
 .gnu.version_d
                0x000102f8        0x0 /usr/lib/gcc/arm-linux-gnueabihf/10/../../../arm-linux-gnueabihf/crt1.o

.gnu.version_r  0x000102f8       0x30
 *(.gnu.version_r)
 .gnu.version_r
                0x000102f8       0x30 /usr/lib/gcc/arm-linux-gnueabihf/10/../../../arm-linux-gnueabihf/crt1.o

.rel.dyn        0x00010328        0x8
 *(.rel.init)
 *(.rel.text .rel.text.* .rel.gnu.linkonce.t.*)
 *(.rel.fini)
 *(.rel.rodata .rel.rodata.* .rel.gnu.linkonce.r.*)
 *(.rel.data.rel.ro .rel.data.rel.ro.* .rel.gnu.linkonce.d.rel.ro.*)
 .rel.data.rel.ro
                0x00010328        0x0 /usr/lib/gcc/arm-linux-gnueabihf/10/../../../arm-linux-gnueabihf/crt1.o
 *(.rel.data .rel.data.* .rel.gnu.linkonce.d.*)
 *(.rel.tdata .rel.tdata.* .rel.gnu.linkonce.td.*)
 *(.rel.tbss .rel.tbss.* .rel.gnu.linkonce.tb.*)
 *(.rel.ctors)
 *(.rel.dtors)
 *(.rel.got)
 .rel.got       0x00010328        0x8 /usr/lib/gcc/arm-linux-gnueabihf/10/../../../arm-linux-gnueabihf/crt1.o
 *(.rel.bss .rel.bss.* .rel.gnu.linkonce.b.*)
 .rel.bss       0x00010330        0x0 /usr/lib/gcc/arm-linux-gnueabihf/10/../../../arm-linux-gnueabihf/crt1.o
                [!provide]                PROVIDE (__rel_iplt_start = .)
 *(.rel.iplt)
 .rel.iplt      0x00010330        0x0 /usr/lib/gcc/arm-linux-gnueabihf/10/../../../arm-linux-gnueabihf/crt1.o
                [!provide]                PROVIDE (__rel_iplt_end = .)

.rela.dyn       0x00010330        0x0
 *(.rela.init)
 *(.rela.text .rela.text.* .rela.gnu.linkonce.t.*)
 *(.rela.fini)
 *(.rela.rodata .rela.rodata.* .rela.gnu.linkonce.r.*)
 *(.rela.data .rela.data.* .rela.gnu.linkonce.d.*)
 *(.rela.tdata .rela.tdata.* .rela.gnu.linkonce.td.*)
 *(.rela.tbss .rela.tbss.* .rela.gnu.linkonce.tb.*)
 *(.rela.ctors)
 *(.rela.dtors)
 *(.rela.got)
 *(.rela.bss .rela.bss.* .rela.gnu.linkonce.b.*)
                [!provide]                PROVIDE (__rela_iplt_start = .)
 *(.rela.iplt)
                [!provide]                PROVIDE (__rela_iplt_end = .)

.rel.plt        0x00010330       0x40
 *(.rel.plt)
 .rel.plt       0x00010330       0x40 /usr/lib/gcc/arm-linux-gnueabihf/10/../../../arm-linux-gnueabihf/crt1.o

.rela.plt
 *(.rela.plt)

.init           0x00010370        0xc
 *(SORT_NONE(.init))
 .init          0x00010370        0x8 /usr/lib/gcc/arm-linux-gnueabihf/10/../../../arm-linux-gnueabihf/crti.o
                0x00010370                _init
 .init          0x00010378        0x4 /usr/lib/gcc/arm-linux-gnueabihf/10/../../../arm-linux-gnueabihf/crtn.o

.plt            0x0001037c       0x7c
 *(.plt)
 .plt           0x0001037c       0x7c /usr/lib/gcc/arm-linux-gnueabihf/10/../../../arm-linux-gnueabihf/crt1.o
                0x00010390                printf@@GLIBC_2.4
                0x000103a0                free@@GLIBC_2.4
                0x000103ac                clock_gettime@@GLIBC_2.17
                0x000103bc                memcpy@@GLIBC_2.4
                0x000103c8                malloc@@GLIBC_2.4
                0x000103e0                strlen@@GLIBC_2.4
                0x000103ec                memset@@GLIBC_2.4

.iplt           0x000103f8        0x0
 *(.iplt)
 .iplt          0x000103f8        0x0 /usr/lib/gcc/arm-linux-gnueabihf/10/../../../arm-linux-gnueabihf/crt1.o

.text           0x000103f8     0x55c4
 *(.text.unlikely .text.*_unlikely .text.unlikely.*)
 *(.text.exit .text.exit.*)
 *(.text.startup .text.startup.*)
 .text.startup.main
                0x000103f8       0x34 Build/public_key_test.o
                0x000103f8                main
 *(.text.hot .text.hot.*)
 *(SORT_BY_NAME(.text.sorted.*))
 *(.text .stub .text.* .gnu.linkonce.t.*)
 .text          0x0001042c       0x24 /usr/lib/gcc/arm-linux-gnueabihf/10/../../../arm-linux-gnueabihf/crti.o
 .text          0x00010450       0x90 /usr/lib/gcc/arm-linux-gnueabihf/10/crtbegin.o
 .text.test_ECC
                0x000104e0      0x168 Build/public_key_test.o
                0x000104e0                test_ECC
 .text.hw_rand  0x00010648       0x10 Build/wolf_main.o
                0x00010648                hw_rand
 .text.my_rng_seed_gen
                0x00010658        0x4 Build/wolf_main.o
                0x00010658                my_rng_seed_gen
 .text.reset_handler
                0x0001065c        0x8 Build/armtarget.o
                0x0001065c                reset_handler
 .text.alt_fp_init
                0x00010664        0x8 Build/ecc.o
 .text.wc_ecc_curve_cache_load_item
                0x0001066c       0x4a Build/ecc.o
 .text.wc_ecc_curve_free
                0x000106b6       0x90 Build/ecc.o
 .text.wc_ecc_curve_load
                0x00010746       0x9e Build/ecc.o
 .text.ecc_make_pub_ex.constprop.0
                0x000107e4       0xf0 Build/ecc.o
 .text.wc_ecc_set_curve
                0x000108d4       0x60 Build/ecc.o
                0x000108d4                wc_ecc_set_curve
 .text._ecc_make_key_ex
                0x00010934       0x58 Build/ecc.o
 .text.wc_ecc_is_valid_idx
                0x0001098c        0xc Build/ecc.o
                0x0001098c                wc_ecc_is_valid_idx
 .text.wc_ecc_make_key_ex
                0x00010998        0xe Build/ecc.o
                0x00010998                wc_ecc_make_key_ex
 .text.wc_ecc_make_key
                0x000109a6        0x6 Build/ecc.o
                0x000109a6                wc_ecc_make_key
 .text.wc_ecc_init_ex
                0x000109ac       0x52 Build/ecc.o
                0x000109ac                wc_ecc_init_ex
 .text.wc_ecc_init
                0x000109fe        0xa Build/ecc.o
                0x000109fe                wc_ecc_init
 .text.wc_ecc_sign_hash_ex
                0x00010a08       0x68 Build/ecc.o
                0x00010a08                wc_ecc_sign_hash_ex
 .text.wc_ecc_sign_hash
                0x00010a70       0xc6 Build/ecc.o
                0x00010a70                wc_ecc_sign_hash
 .text.wc_ecc_free
                0x00010b36       0x24 Build/ecc.o
                0x00010b36                wc_ecc_free
 .text.wc_ecc_key_free
                0x00010b5a       0x28 Build/ecc.o
                0x00010b5a                wc_ecc_key_free
 *fill*         0x00010b82        0x2 
 .text.wc_ecc_verify_hash_ex
                0x00010b84      0x11c Build/ecc.o
                0x00010b84                wc_ecc_verify_hash_ex
 .text.wc_ecc_verify_hash
                0x00010ca0       0xee Build/ecc.o
                0x00010ca0                wc_ecc_verify_hash
 .text.ForceZero
                0x00010d8e       0x10 Build/random.o
 .text.ConstantCompare
                0x00010d9e       0x1a Build/random.o
 .text.Hash_DRBG_Uninstantiate
                0x00010db8       0x24 Build/random.o
 .text.array_add.part.0.constprop.0
                0x00010ddc       0x44 Build/random.o
 .text.Hash_DRBG_Generate
                0x00010e20      0x1a4 Build/random.o
 .text.Hash_df.constprop.0
                0x00010fc4       0xf4 Build/random.o
 .text.Hash_DRBG_Instantiate.constprop.0
                0x000110b8       0x56 Build/random.o
 .text.Hash_DRBG_Reseed
                0x0001110e       0x68 Build/random.o
 .text.wc_RNG_TestSeed
                0x00011176       0x40 Build/random.o
                0x00011176                wc_RNG_TestSeed
 .text.wc_RNG_HealthTest_ex
                0x000111b6       0xaa Build/random.o
                0x000111b6                wc_RNG_HealthTest_ex
 .text.wc_RNG_HealthTest
                0x00011260       0x2c Build/random.o
                0x00011260                wc_RNG_HealthTest
 .text.wc_GenerateSeed
                0x0001128c       0x3c Build/random.o
                0x0001128c                wc_GenerateSeed
 .text.wc_RNG_GenerateBlock
                0x000112c8       0xec Build/random.o
                0x000112c8                wc_RNG_GenerateBlock
 .text._InitRng.isra.0
                0x000113b4      0x138 Build/random.o
 .text.wc_InitRng
                0x000114ec        0xa Build/random.o
                0x000114ec                wc_InitRng
 .text.ByteReverseWords
                0x000114f6       0x18 Build/sha256.o
 *fill*         0x0001150e        0x2 
 .text.Transform_Sha256
                0x00011510      0x330 Build/sha256.o
 .text.Sha256Update
                0x00011840       0xae Build/sha256.o
 .text.Sha256Final
                0x000118ee       0x94 Build/sha256.o
 *fill*         0x00011982        0x2 
 .text.wc_InitSha256_ex
                0x00011984       0x68 Build/sha256.o
                0x00011984                wc_InitSha256_ex
 .text.wc_Sha256Update
                0x000119ec       0x24 Build/sha256.o
                0x000119ec                wc_Sha256Update
 .text.wc_Sha256Final
                0x00011a10       0x84 Build/sha256.o
                0x00011a10                wc_Sha256Final
 .text.wc_InitSha256
                0x00011a94        0xa Build/sha256.o
                0x00011a94                wc_InitSha256
 .text.wc_Sha256Free
                0x00011a9e        0x2 Build/sha256.o
                0x00011a9e                wc_Sha256Free
 .text.GetLength_ex
                0x00011aa0       0x7c Build/asn.o
                0x00011aa0                GetLength_ex
 .text.GetASNTag
                0x00011b1c       0x26 Build/asn.o
                0x00011b1c                GetASNTag
 .text.GetASNHeader_ex
                0x00011b42       0x56 Build/asn.o
 .text.GetASNInt
                0x00011b98       0x5c Build/asn.o
 .text.GetIntPositive
                0x00011bf4       0x5e Build/asn.o
 .text.GetSequence
                0x00011c52       0x16 Build/asn.o
                0x00011c52                GetSequence
 .text.SetLength
                0x00011c68       0x4c Build/asn.o
                0x00011c68                SetLength
 .text.SetASNInt
                0x00011cb4       0x32 Build/asn.o
                0x00011cb4                SetASNInt
 .text.SetASNIntMP
                0x00011ce6       0x64 Build/asn.o
 .text.SetHeader
                0x00011d4a       0x16 Build/asn.o
 .text.SetSequence
                0x00011d60        0xa Build/asn.o
                0x00011d60                SetSequence
 .text.StoreECC_DSA_Sig
                0x00011d6a       0x78 Build/asn.o
                0x00011d6a                StoreECC_DSA_Sig
 .text.DecodeECC_DSA_Sig
                0x00011de2       0x70 Build/asn.o
                0x00011de2                DecodeECC_DSA_Sig
 .text.ForceZero
                0x00011e52       0x10 Build/sp_cortexm.o
 .text.sp_2048_from_bin
                0x00011e62       0x72 Build/sp_cortexm.o
 .text.div_2048_word_32
                0x00011ed4       0x72 Build/sp_cortexm.o
 .text.sp_256_mul_8
                0x00011f46      0x576 Build/sp_cortexm.o
 .text.sp_256_sqr_8
                0x000124bc      0x40a Build/sp_cortexm.o
 .text.sp_256_add_8
                0x000128c6       0x3e Build/sp_cortexm.o
 .text.sp_256_cmp_8
                0x00012904       0x54 Build/sp_cortexm.o
 .text.sp_256_cmp_equal_8
                0x00012958       0x48 Build/sp_cortexm.o
 .text.sp_256_iszero_8
                0x000129a0       0x26 Build/sp_cortexm.o
 .text.sp_256_get_point_16_8
                0x000129c6      0x1d0 Build/sp_cortexm.o
 .text.sp_256_add_one_8
                0x00012b96       0x3a Build/sp_cortexm.o
 .text.sp_256_sub_in_place_8
                0x00012bd0       0x38 Build/sp_cortexm.o
 .text.sp_256_mul_d_8
                0x00012c08       0x40 Build/sp_cortexm.o
 .text.sp_2048_from_mp
                0x00012c48       0x26 Build/sp_cortexm.o
 *fill*         0x00012c6e        0x2 
 .text.sp_256_ecc_gen_k_8
                0x00012c70       0x40 Build/sp_cortexm.o
 .text.sp_256_to_mp
                0x00012cb0       0x36 Build/sp_cortexm.o
 *fill*         0x00012ce6        0x2 
 .text.sp_256_get_entry_16_8.constprop.0
                0x00012ce8      0x158 Build/sp_cortexm.o
 .text.sp_256_div2_8.constprop.0
                0x00012e40       0xe8 Build/sp_cortexm.o
 .text.sp_256_mont_sub_8.constprop.0
                0x00012f28       0xbc Build/sp_cortexm.o
 .text.sp_256_mont_tpl_8.constprop.0
                0x00012fe4       0xf6 Build/sp_cortexm.o
 .text.sp_256_mont_dbl_8.constprop.0
                0x000130da       0x80 Build/sp_cortexm.o
 .text.sp_256_mont_add_8.constprop.0
                0x0001315a       0xc0 Build/sp_cortexm.o
 .text.sp_256_mont_reduce_8.constprop.0
                0x0001321a      0x10a Build/sp_cortexm.o
 .text.sp_256_mont_sqr_8.constprop.0
                0x00013324      0x5f8 Build/sp_cortexm.o
 .text.sp_256_mont_mul_8.constprop.0
                0x0001391c      0x7ac Build/sp_cortexm.o
 .text.sp_256_proj_point_dbl_8
                0x000140c8       0xba Build/sp_cortexm.o
 .text.sp_256_mod_mul_norm_8.constprop.0
                0x00014182      0x2ea Build/sp_cortexm.o
 .text.sp_256_sub_8.constprop.0.isra.0
                0x0001446c       0x34 Build/sp_cortexm.o
 .text.sp_256_proj_point_add_8
                0x000144a0      0x284 Build/sp_cortexm.o
 .text.sp_256_point_to_ecc_point_8
                0x00014724       0x2a Build/sp_cortexm.o
 .text.sp_256_cond_sub_8.isra.0
                0x0001474e       0x36 Build/sp_cortexm.o
 .text.sp_256_mont_reduce_order_8.constprop.0
                0x00014784       0xe0 Build/sp_cortexm.o
 .text.sp_256_mont_mul_order_8
                0x00014864        0xe Build/sp_cortexm.o
 *fill*         0x00014872        0x2 
 .text.sp_256_mont_inv_order_8
                0x00014874       0x58 Build/sp_cortexm.o
 .text.sp_256_map_8
                0x000148cc       0xf4 Build/sp_cortexm.o
 .text.sp_256_ecc_mulmod_stripe_8.constprop.0
                0x000149c0      0x370 Build/sp_cortexm.o
 .text.sp_256_ecc_mulmod_fast_8.constprop.0
                0x00014d30      0x2bc Build/sp_cortexm.o
 .text.sp_256_mod_8
                0x00014fec       0xc4 Build/sp_cortexm.o
 .text.sp_ecc_mulmod_base_256
                0x000150b0       0x5e Build/sp_cortexm.o
                0x000150b0                sp_ecc_mulmod_base_256
 .text.sp_ecc_make_key_256
                0x0001510e       0x6e Build/sp_cortexm.o
                0x0001510e                sp_ecc_make_key_256
 .text.sp_ecc_sign_256
                0x0001517c      0x1d4 Build/sp_cortexm.o
                0x0001517c                sp_ecc_sign_256
 .text.sp_ecc_verify_256
                0x00015350      0x218 Build/sp_cortexm.o
                0x00015350                sp_ecc_verify_256
 .text._sp_cmp_abs
                0x00015568       0x36 Build/sp_int.o
 .text.sp_init  0x0001559e       0x16 Build/sp_int.o
                0x0001559e                sp_init
 .text.sp_init_multi
                0x000155b4       0x52 Build/sp_int.o
                0x000155b4                sp_init_multi
 .text.sp_grow  0x00015606       0x2a Build/sp_int.o
                0x00015606                sp_grow
 .text.sp_zero  0x00015630        0xa Build/sp_int.o
                0x00015630                sp_zero
 .text.sp_clear
                0x0001563a       0x20 Build/sp_int.o
                0x0001563a                sp_clear
 .text.sp_forcezero
                0x0001565a       0x1e Build/sp_int.o
                0x0001565a                sp_forcezero
 .text.sp_cmp   0x00015678       0x1a Build/sp_int.o
                0x00015678                sp_cmp
 .text.sp_count_bits
                0x00015692       0x3c Build/sp_int.o
                0x00015692                sp_count_bits
 .text.sp_leading_bit
                0x000156ce       0x1e Build/sp_int.o
                0x000156ce                sp_leading_bit
 .text.sp_unsigned_bin_size
                0x000156ec       0x14 Build/sp_int.o
                0x000156ec                sp_unsigned_bin_size
 .text.sp_read_unsigned_bin
                0x00015700       0xa2 Build/sp_int.o
                0x00015700                sp_read_unsigned_bin
 .text.sp_to_unsigned_bin_len
                0x000157a2       0x50 Build/sp_int.o
                0x000157a2                sp_to_unsigned_bin_len
 .text.sp_to_unsigned_bin
                0x000157f2       0x14 Build/sp_int.o
                0x000157f2                sp_to_unsigned_bin
 .text.sp_read_radix
                0x00015806       0xa8 Build/sp_int.o
                0x00015806                sp_read_radix
 *fill*         0x000158ae        0x2 
 .text.gmtime   0x000158b0      0x10c Build/wc_port.o
                0x000158b0                gmtime
 *(.gnu.warning)
 *(.glue_7t)
 .glue_7t       0x000159bc        0x0 linker stubs
 *(.glue_7)
 .glue_7        0x000159bc        0x0 linker stubs
 *(.vfp11_veneer)
 .vfp11_veneer  0x000159bc        0x0 linker stubs
 *(.v4_bx)
 .v4_bx         0x000159bc        0x0 linker stubs

.fini           0x000159bc        0x8
 *(SORT_NONE(.fini))
 .fini          0x000159bc        0x4 /usr/lib/gcc/arm-linux-gnueabihf/10/../../../arm-linux-gnueabihf/crti.o
                0x000159bc                _fini
 .fini          0x000159c0        0x4 /usr/lib/gcc/arm-linux-gnueabihf/10/../../../arm-linux-gnueabihf/crtn.o
                [!provide]                PROVIDE (__etext = .)
                [!provide]                PROVIDE (_etext = .)
                [!provide]                PROVIDE (etext = .)

.rodata         0x000159c4     0x12f8
 *(.rodata .rodata.* .gnu.linkonce.r.*)
 .rodata.test_RSA.str1.1
                0x000159c4      0x17b Build/public_key_test.o
 .rodata.test_DH.str1.1
                0x00015b3f       0x24 Build/public_key_test.o
                                 0x27 (size before relaxing)
 .rodata.main.str1.1
                0x00015b63       0x3b Build/public_key_test.o
 .rodata.str1.1
                0x00015b9e      0x860 Build/ecc.o
 .rodata.ecc_oid_secp224r1
                0x000163fe        0x5 Build/ecc.o
 .rodata.ecc_oid_secp256r1
                0x00016403        0x8 Build/ecc.o
 .rodata.ecc_oid_secp384r1
                0x0001640b        0x5 Build/ecc.o
 .rodata.ecc_oid_secp521r1
                0x00016410        0x5 Build/ecc.o
 *fill*         0x00016415        0x3 
 .rodata.ecc_sets
                0x00016418      0x104 Build/ecc.o
                0x00016418                ecc_sets
 .rodata.outputA_data
                0x0001651c       0x80 Build/random.o
                0x0001651c                outputA_data
 .rodata.outputB_data
                0x0001659c       0x80 Build/random.o
                0x0001659c                outputB_data
 .rodata.reseedSeedA_data
                0x0001661c       0x20 Build/random.o
                0x0001661c                reseedSeedA_data
 .rodata.seedA_data
                0x0001663c       0x30 Build/random.o
                0x0001663c                seedA_data
 .rodata.seedB_data
                0x0001666c       0x30 Build/random.o
                0x0001666c                seedB_data
 .rodata.K      0x0001669c      0x100 Build/sha256.o
 .rodata.p256_mod
                0x0001679c       0x20 Build/sp_cortexm.o
 .rodata.p256_mod_minus_2
                0x000167bc       0x20 Build/sp_cortexm.o
 .rodata.p256_norm_mod
                0x000167dc       0x20 Build/sp_cortexm.o
 .rodata.p256_norm_order
                0x000167fc       0x20 Build/sp_cortexm.o
 .rodata.p256_order
                0x0001681c       0x20 Build/sp_cortexm.o
 .rodata.p256_order2
                0x0001683c       0x20 Build/sp_cortexm.o
 .rodata.p256_table
                0x0001685c      0x400 Build/sp_cortexm.o
 .rodata._ytab.0
                0x00016c5c       0x60 Build/wc_port.o

.rodata1
 *(.rodata1)

.ARM.extab
 *(.ARM.extab* .gnu.linkonce.armextab.*)

.ARM.exidx      0x00016cbc        0x0
                [!provide]                PROVIDE (__exidx_start = .)
 *(.ARM.exidx* .gnu.linkonce.armexidx.*)
                [!provide]                PROVIDE (__exidx_end = .)

.eh_frame_hdr
 *(.eh_frame_hdr)
 *(.eh_frame_entry .eh_frame_entry.*)

.eh_frame       0x00016cbc        0x4
 *(.eh_frame)
 .eh_frame      0x00016cbc        0x4 /usr/lib/gcc/arm-linux-gnueabihf/10/crtend.o
 *(.eh_frame.*)

.gcc_except_table
 *(.gcc_except_table .gcc_except_table.*)

.gnu_extab
 *(.gnu_extab*)

.exception_ranges
 *(.exception_ranges*)
                0x00026f10                . = DATA_SEGMENT_ALIGN (CONSTANT (MAXPAGESIZE), CONSTANT (COMMONPAGESIZE))

.eh_frame
 *(.eh_frame)
 *(.eh_frame.*)

.gnu_extab
 *(.gnu_extab)

.gcc_except_table
 *(.gcc_except_table .gcc_except_table.*)

.exception_ranges
 *(.exception_ranges*)

.tdata          0x00026f10        0x0
                [!provide]                PROVIDE (__tdata_start = .)
 *(.tdata .tdata.* .gnu.linkonce.td.*)

.tbss
 *(.tbss .tbss.* .gnu.linkonce.tb.*)
 *(.tcommon)

.preinit_array  0x00026f10        0x0
                [!provide]                PROVIDE (__preinit_array_start = .)
 *(.preinit_array)
                [!provide]                PROVIDE (__preinit_array_end = .)

.init_array     0x00026f10        0x4
                0x00026f10                PROVIDE (__init_array_start = .)
 *(SORT_BY_INIT_PRIORITY(.init_array.*) SORT_BY_INIT_PRIORITY(.ctors.*))
 *(.init_array EXCLUDE_FILE(*crtend?.o *crtend.o *crtbegin?.o *crtbegin.o) .ctors)
 .init_array    0x00026f10        0x4 /usr/lib/gcc/arm-linux-gnueabihf/10/crtbegin.o
                0x00026f14                PROVIDE (__init_array_end = .)

.fini_array     0x00026f14        0x4
                [!provide]                PROVIDE (__fini_array_start = .)
 *(SORT_BY_INIT_PRIORITY(.fini_array.*) SORT_BY_INIT_PRIORITY(.dtors.*))
 *(.fini_array EXCLUDE_FILE(*crtend?.o *crtend.o *crtbegin?.o *crtbegin.o) .dtors)
 .fini_array    0x00026f14        0x4 /usr/lib/gcc/arm-linux-gnueabihf/10/crtbegin.o
                [!provide]                PROVIDE (__fini_array_end = .)

.ctors
 *crtbegin.o(.ctors)
 *crtbegin?.o(.ctors)
 *(EXCLUDE_FILE(*crtend?.o *crtend.o) .ctors)
 *(SORT_BY_NAME(.ctors.*))
 *(.ctors)

.dtors
 *crtbegin.o(.dtors)
 *crtbegin?.o(.dtors)
 *(EXCLUDE_FILE(*crtend?.o *crtend.o) .dtors)
 *(SORT_BY_NAME(.dtors.*))
 *(.dtors)

.jcr
 *(.jcr)

.data.rel.ro    0x00026f18        0x0
 *(.data.rel.ro.local* .gnu.linkonce.d.rel.ro.local.*)
 *(.data.rel.ro .data.rel.ro.* .gnu.linkonce.d.rel.ro.*)
 .data.rel.ro   0x00026f18        0x0 /usr/lib/gcc/arm-linux-gnueabihf/10/../../../arm-linux-gnueabihf/crt1.o

.dynamic        0x00026f18       0xe8
 *(.dynamic)
 .dynamic       0x00026f18       0xe8 /usr/lib/gcc/arm-linux-gnueabihf/10/../../../arm-linux-gnueabihf/crt1.o
                0x00026f18                _DYNAMIC
                0x00027000                . = DATA_SEGMENT_RELRO_END (., 0x0)

.got            0x00027000       0x30
 *(.got.plt)
 .got.plt       0x00027000       0x2c /usr/lib/gcc/arm-linux-gnueabihf/10/../../../arm-linux-gnueabihf/crt1.o
                0x00027000                _GLOBAL_OFFSET_TABLE_
 *(.igot.plt)
 .igot.plt      0x0002702c        0x0 /usr/lib/gcc/arm-linux-gnueabihf/10/../../../arm-linux-gnueabihf/crt1.o
 *(.got)
 .got           0x0002702c        0x4 /usr/lib/gcc/arm-linux-gnueabihf/10/../../../arm-linux-gnueabihf/crt1.o
 *(.igot)

.data           0x00027030       0x10
                [!provide]                PROVIDE (__data_start = .)
 *(.data .data.* .gnu.linkonce.d.*)
 .data.in       0x00027030       0x10 Build/public_key_test.o
                0x00027030                in

.tm_clone_table
                0x00027040        0x0
 .tm_clone_table
                0x00027040        0x0 /usr/lib/gcc/arm-linux-gnueabihf/10/crtbegin.o
 .tm_clone_table
                0x00027040        0x0 /usr/lib/gcc/arm-linux-gnueabihf/10/crtend.o

.data1
 *(.data1)
                0x00027040                _edata = .
                [!provide]                PROVIDE (edata = .)
                0x00027040                . = .
                0x00027040                __bss_start = .
                0x00027040                __bss_start__ = .

.bss            0x00027040       0x34
 *(.dynbss)
 .dynbss        0x00027040        0x0 /usr/lib/gcc/arm-linux-gnueabihf/10/../../../arm-linux-gnueabihf/crt1.o
 *(.bss .bss.* .gnu.linkonce.b.*)
 .bss           0x00027040        0x1 /usr/lib/gcc/arm-linux-gnueabihf/10/crtbegin.o
 *fill*         0x00027041        0x3 
 .bss.gCounter  0x00027044        0x4 Build/wolf_main.o
 .bss.st_time.1
                0x00027048       0x2c Build/wc_port.o
 *(COMMON)
                0x00027074                . = ALIGN ((. != 0x0)?0x4:0x1)
                0x00027074                _bss_end__ = .
                0x00027074                __bss_end__ = .
                0x00027074                . = ALIGN (0x4)
                0x00027074                . = SEGMENT_START ("ldata-segment", .)
                0x00027074                . = ALIGN (0x4)
                0x00027074                __end__ = .
                0x00027074                _end = .
                [!provide]                PROVIDE (end = .)
                0x00027074                . = DATA_SEGMENT_END (.)

.stab
 *(.stab)

.stabstr
 *(.stabstr)

.stab.excl
 *(.stab.excl)

.stab.exclstr
 *(.stab.exclstr)

.stab.index
 *(.stab.index)

.stab.indexstr
 *(.stab.indexstr)

.comment        0x00000000       0x2e
 *(.comment)
 .comment       0x00000000       0x2e /usr/lib/gcc/arm-linux-gnueabihf/10/crtbegin.o
                                 0x2f (size before relaxing)
 .comment       0x0000002e       0x2f Build/public_key_test.o
 .comment       0x0000002e       0x2f Build/wolf_main.o
 .comment       0x0000002e       0x2f Build/armtarget.o
 .comment       0x0000002e       0x2f Build/ecc.o
 .comment       0x0000002e       0x2f Build/random.o
 .comment       0x0000002e       0x2f Build/sha256.o
 .comment       0x0000002e       0x2f Build/asn.o
 .comment       0x0000002e       0x2f Build/sp_cortexm.o
 .comment       0x0000002e       0x2f Build/sp_int.o
 .comment       0x0000002e       0x2f Build/wc_port.o
 .comment       0x0000002e       0x2f /usr/lib/gcc/arm-linux-gnueabihf/10/crtend.o

.ARM.attributes
                0x00000000       0x37
 .ARM.attributes
                0x00000000       0x23 /usr/lib/gcc/arm-linux-gnueabihf/10/../../../arm-linux-gnueabihf/crti.o
 .ARM.attributes
                0x00000023       0x2f /usr/lib/gcc/arm-linux-gnueabihf/10/crtbegin.o
 .ARM.attributes
                0x00000052       0x37 Build/public_key_test.o
 .ARM.attributes
                0x00000089       0x37 Build/wolf_main.o
 .ARM.attributes
                0x000000c0       0x37 Build/armtarget.o
 .ARM.attributes
                0x000000f7       0x37 Build/ecc.o
 .ARM.attributes
                0x0000012e       0x37 Build/random.o
 .ARM.attributes
                0x00000165       0x37 Build/sha256.o
 .ARM.attributes
                0x0000019c       0x37 Build/asn.o
 .ARM.attributes
                0x000001d3       0x37 Build/sp_cortexm.o
 .ARM.attributes
                0x0000020a       0x37 Build/sp_int.o
 .ARM.attributes
                0x00000241       0x37 Build/wc_port.o
 .ARM.attributes
                0x00000278       0x2f /usr/lib/gcc/arm-linux-gnueabihf/10/crtend.o
 .ARM.attributes
                0x000002a7       0x23 /usr/lib/gcc/arm-linux-gnueabihf/10/../../../arm-linux-gnueabihf/crtn.o

.gnu.build.attributes
 *(.gnu.build.attributes .gnu.build.attributes.*)

.debug
 *(.debug)

.line
 *(.line)

.debug_srcinfo
 *(.debug_srcinfo)

.debug_sfnames
 *(.debug_sfnames)

.debug_aranges
 *(.debug_aranges)

.debug_pubnames
 *(.debug_pubnames)

.debug_info
 *(.debug_info .gnu.linkonce.wi.*)

.debug_abbrev
 *(.debug_abbrev)

.debug_line
 *(.debug_line .debug_line.* .debug_line_end)

.debug_frame
 *(.debug_frame)

.debug_str
 *(.debug_str)

.debug_loc
 *(.debug_loc)

.debug_macinfo
 *(.debug_macinfo)

.debug_weaknames
 *(.debug_weaknames)

.debug_funcnames
 *(.debug_funcnames)

.debug_typenames
 *(.debug_typenames)

.debug_varnames
 *(.debug_varnames)

.debug_pubtypes
 *(.debug_pubtypes)

.debug_ranges
 *(.debug_ranges)

.debug_macro
 *(.debug_macro)

.debug_addr
 *(.debug_addr)

.gnu.attributes
 *(.gnu.attributes)

.note.gnu.arm.ident
 *(.note.gnu.arm.ident)

/DISCARD/
 *(.note.GNU-stack)
 *(.gnu_debuglink)
 *(.gnu.lto_*)
OUTPUT(Build/test.elf elf32-littlearm)
LOAD linker stubs
