../../Middlewares/Third_Party/wolfSSL_wolfSSL_wolfSSL/wolfssl/wolfssl/wolfcrypt/blake2-impl.h:41:25:load32	16	static
../../Middlewares/Third_Party/wolfSSL_wolfSSL_wolfSSL/wolfssl/wolfssl/wolfcrypt/blake2-impl.h:86:23:store64	32	static
../../Middlewares/Third_Party/wolfSSL_wolfSSL_wolfSSL/wolfssl/wolfssl/wolfcrypt/blake2-impl.h:136:25:rotr32	16	static
../../Middlewares/Third_Party/wolfSSL_wolfSSL_wolfSSL/wolfssl/wolfssl/wolfcrypt/blake2-impl.h:147:23:secure_zero_memory	40	static
D:/TCC/A/nucleo/Middlewares/Third_Party/wolfSSL_wolfSSL_wolfSSL/wolfssl/wolfcrypt/src/blake2s.c:70:22:blake2s_set_lastnode	16	static
D:/TCC/A/nucleo/Middlewares/Third_Party/wolfSSL_wolfSSL_wolfSSL/wolfssl/wolfcrypt/src/blake2s.c:77:22:blake2s_set_lastblock	16	static
D:/TCC/A/nucleo/Middlewares/Third_Party/wolfSSL_wolfSSL_wolfSSL/wolfssl/wolfcrypt/src/blake2s.c:85:22:blake2s_increment_counter	16	static
D:/TCC/A/nucleo/Middlewares/Third_Party/wolfSSL_wolfSSL_wolfSSL/wolfssl/wolfcrypt/src/blake2s.c:93:22:blake2s_init0	24	static
D:/TCC/A/nucleo/Middlewares/Third_Party/wolfSSL_wolfSSL_wolfSSL/wolfssl/wolfcrypt/src/blake2s.c:104:5:blake2s_init_param	24	static
D:/TCC/A/nucleo/Middlewares/Third_Party/wolfSSL_wolfSSL_wolfSSL/wolfssl/wolfcrypt/src/blake2s.c:120:5:blake2s_init	48	static
D:/TCC/A/nucleo/Middlewares/Third_Party/wolfSSL_wolfSSL_wolfSSL/wolfssl/wolfcrypt/src/blake2s.c:151:5:blake2s_init_key	72	static
D:/TCC/A/nucleo/Middlewares/Third_Party/wolfSSL_wolfSSL_wolfSSL/wolfssl/wolfcrypt/src/blake2s.c:212:22:blake2s_compress	40	static
D:/TCC/A/nucleo/Middlewares/Third_Party/wolfSSL_wolfSSL_wolfSSL/wolfssl/wolfcrypt/src/blake2s.c:277:5:blake2s_update	48	static
D:/TCC/A/nucleo/Middlewares/Third_Party/wolfSSL_wolfSSL_wolfSSL/wolfssl/wolfcrypt/src/blake2s.c:332:5:blake2s_final	120	static
D:/TCC/A/nucleo/Middlewares/Third_Party/wolfSSL_wolfSSL_wolfSSL/wolfssl/wolfcrypt/src/blake2s.c:388:5:blake2s	224	static
D:/TCC/A/nucleo/Middlewares/Third_Party/wolfSSL_wolfSSL_wolfSSL/wolfssl/wolfcrypt/src/blake2s.c:458:5:wc_InitBlake2s	16	static
D:/TCC/A/nucleo/Middlewares/Third_Party/wolfSSL_wolfSSL_wolfSSL/wolfssl/wolfcrypt/src/blake2s.c:470:5:wc_InitBlake2s_WithKey	24	static
D:/TCC/A/nucleo/Middlewares/Third_Party/wolfSSL_wolfSSL_wolfSSL/wolfssl/wolfcrypt/src/blake2s.c:488:5:wc_Blake2sUpdate	24	static
D:/TCC/A/nucleo/Middlewares/Third_Party/wolfSSL_wolfSSL_wolfSSL/wolfssl/wolfcrypt/src/blake2s.c:495:5:wc_Blake2sFinal	32	static
