../../Middlewares/Third_Party/wolfSSL_wolfSSL_wolfSSL/wolfssl/wolfcrypt/src/misc.c:274:26:XorWords	32	static
../../Middlewares/Third_Party/wolfSSL_wolfSSL_wolfSSL/wolfssl/wolfcrypt/src/misc.c:284:26:xorbuf	40	static
D:/TCC/A/nucleo/Middlewares/Third_Party/wolfSSL_wolfSSL_wolfSSL/wolfssl/wolfcrypt/src/camellia.c:490:12:camellia_setup128	96	static
D:/TCC/A/nucleo/Middlewares/Third_Party/wolfSSL_wolfSSL_wolfSSL/wolfssl/wolfcrypt/src/camellia.c:722:12:camellia_setup256	112	static
D:/TCC/A/nucleo/Middlewares/Third_Party/wolfSSL_wolfSSL_wolfSSL/wolfssl/wolfcrypt/src/camellia.c:1029:12:camellia_setup192	64	static
D:/TCC/A/nucleo/Middlewares/Third_Party/wolfSSL_wolfSSL_wolfSSL/wolfssl/wolfcrypt/src/camellia.c:1051:13:camellia_encrypt128	32	static
D:/TCC/A/nucleo/Middlewares/Third_Party/wolfSSL_wolfSSL_wolfSSL/wolfssl/wolfcrypt/src/camellia.c:1141:13:camellia_decrypt128	32	static
D:/TCC/A/nucleo/Middlewares/Third_Party/wolfSSL_wolfSSL_wolfSSL/wolfssl/wolfcrypt/src/camellia.c:1234:13:camellia_encrypt256	32	static
D:/TCC/A/nucleo/Middlewares/Third_Party/wolfSSL_wolfSSL_wolfSSL/wolfssl/wolfcrypt/src/camellia.c:1348:13:camellia_decrypt256	32	static
D:/TCC/A/nucleo/Middlewares/Third_Party/wolfSSL_wolfSSL_wolfSSL/wolfssl/wolfcrypt/src/camellia.c:1467:13:Camellia_EncryptBlock	40	static
D:/TCC/A/nucleo/Middlewares/Third_Party/wolfSSL_wolfSSL_wolfSSL/wolfssl/wolfcrypt/src/camellia.c:1498:13:Camellia_DecryptBlock	40	static
D:/TCC/A/nucleo/Middlewares/Third_Party/wolfSSL_wolfSSL_wolfSSL/wolfssl/wolfcrypt/src/camellia.c:1532:5:wc_CamelliaSetKey	32	static
D:/TCC/A/nucleo/Middlewares/Third_Party/wolfSSL_wolfSSL_wolfSSL/wolfssl/wolfcrypt/src/camellia.c:1563:5:wc_CamelliaSetIV	16	static
D:/TCC/A/nucleo/Middlewares/Third_Party/wolfSSL_wolfSSL_wolfSSL/wolfssl/wolfcrypt/src/camellia.c:1577:5:wc_CamelliaEncryptDirect	24	static
D:/TCC/A/nucleo/Middlewares/Third_Party/wolfSSL_wolfSSL_wolfSSL/wolfssl/wolfcrypt/src/camellia.c:1588:5:wc_CamelliaDecryptDirect	24	static
D:/TCC/A/nucleo/Middlewares/Third_Party/wolfSSL_wolfSSL_wolfSSL/wolfssl/wolfcrypt/src/camellia.c:1599:5:wc_CamelliaCbcEncrypt	32	static
D:/TCC/A/nucleo/Middlewares/Third_Party/wolfSSL_wolfSSL_wolfSSL/wolfssl/wolfcrypt/src/camellia.c:1621:5:wc_CamelliaCbcDecrypt	32	static
