../../Middlewares/Third_Party/wolfSSL_wolfSSL_wolfSSL/wolfssl/wolfcrypt/src/misc.c:111:32:rotlFixed	16	static
../../Middlewares/Third_Party/wolfSSL_wolfSSL_wolfSSL/wolfssl/wolfcrypt/src/misc.c:117:32:rotrFixed	16	static
../../Middlewares/Third_Party/wolfSSL_wolfSSL_wolfSSL/wolfssl/wolfcrypt/src/misc.c:145:28:ByteReverseWord32	16	static
../../Middlewares/Third_Party/wolfSSL_wolfSSL_wolfSSL/wolfssl/wolfcrypt/src/misc.c:274:26:XorWords	32	static
../../Middlewares/Third_Party/wolfSSL_wolfSSL_wolfSSL/wolfssl/wolfcrypt/src/misc.c:284:26:xorbuf	40	static
D:/TCC/A/nucleo/Middlewares/Third_Party/wolfSSL_wolfSSL_wolfSSL/wolfssl/wolfcrypt/src/des3.c:1356:27:IPERM	24	static
D:/TCC/A/nucleo/Middlewares/Third_Party/wolfSSL_wolfSSL_wolfSSL/wolfssl/wolfcrypt/src/des3.c:1382:27:FPERM	24	static
D:/TCC/A/nucleo/Middlewares/Third_Party/wolfSSL_wolfSSL_wolfSSL/wolfssl/wolfcrypt/src/des3.c:1409:16:DesSetKey	64	static
D:/TCC/A/nucleo/Middlewares/Third_Party/wolfSSL_wolfSSL_wolfSSL/wolfssl/wolfcrypt/src/des3.c:1484:9:wc_Des_SetKey	24	static
D:/TCC/A/nucleo/Middlewares/Third_Party/wolfSSL_wolfSSL_wolfSSL/wolfssl/wolfcrypt/src/des3.c:1491:9:wc_Des3_SetKey	32	static
D:/TCC/A/nucleo/Middlewares/Third_Party/wolfSSL_wolfSSL_wolfSSL/wolfssl/wolfcrypt/src/des3.c:1528:17:DesRawProcessBlock	40	static
D:/TCC/A/nucleo/Middlewares/Third_Party/wolfSSL_wolfSSL_wolfSSL/wolfssl/wolfcrypt/src/des3.c:1560:17:DesProcessBlock	32	static
D:/TCC/A/nucleo/Middlewares/Third_Party/wolfSSL_wolfSSL_wolfSSL/wolfssl/wolfcrypt/src/des3.c:1583:17:Des3ProcessBlock	32	static
D:/TCC/A/nucleo/Middlewares/Third_Party/wolfSSL_wolfSSL_wolfSSL/wolfssl/wolfcrypt/src/des3.c:1608:9:wc_Des_CbcEncrypt	32	static
D:/TCC/A/nucleo/Middlewares/Third_Party/wolfSSL_wolfSSL_wolfSSL/wolfssl/wolfcrypt/src/des3.c:1623:9:wc_Des_CbcDecrypt	32	static
D:/TCC/A/nucleo/Middlewares/Third_Party/wolfSSL_wolfSSL_wolfSSL/wolfssl/wolfcrypt/src/des3.c:1639:9:wc_Des3_CbcEncrypt	32	static
D:/TCC/A/nucleo/Middlewares/Third_Party/wolfSSL_wolfSSL_wolfSSL/wolfssl/wolfcrypt/src/des3.c:1690:9:wc_Des3_CbcDecrypt	32	static
D:/TCC/A/nucleo/Middlewares/Third_Party/wolfSSL_wolfSSL_wolfSSL/wolfssl/wolfcrypt/src/des3.c:1781:6:wc_Des_SetIV	16	static
D:/TCC/A/nucleo/Middlewares/Third_Party/wolfSSL_wolfSSL_wolfSSL/wolfssl/wolfcrypt/src/des3.c:1789:5:wc_Des3_SetIV	16	static
D:/TCC/A/nucleo/Middlewares/Third_Party/wolfSSL_wolfSSL_wolfSSL/wolfssl/wolfcrypt/src/des3.c:1804:5:wc_Des3Init	32	static
D:/TCC/A/nucleo/Middlewares/Third_Party/wolfSSL_wolfSSL_wolfSSL/wolfssl/wolfcrypt/src/des3.c:1828:6:wc_Des3Free	16	static
