D:/TCC/A/nucleo/Middlewares/Third_Party/wolfSSL_wolfSSL_wolfSSL/wolfssl/wolfcrypt/src/fe_low_mem.c:43:6:fprime_copy	24	static
D:/TCC/A/nucleo/Middlewares/Third_Party/wolfSSL_wolfSSL_wolfSSL/wolfssl/wolfcrypt/src/fe_low_mem.c:51:6:lm_copy	24	static
D:/TCC/A/nucleo/Middlewares/Third_Party/wolfSSL_wolfSSL_wolfSSL/wolfssl/wolfcrypt/src/fe_low_mem.c:63:6:fe_init	4	static
D:/TCC/A/nucleo/Middlewares/Third_Party/wolfSSL_wolfSSL_wolfSSL/wolfssl/wolfcrypt/src/fe_low_mem.c:71:13:xc_double	152	static
D:/TCC/A/nucleo/Middlewares/Third_Party/wolfSSL_wolfSSL_wolfSSL/wolfssl/wolfcrypt/src/fe_low_mem.c:102:13:xc_diffadd	152	static
D:/TCC/A/nucleo/Middlewares/Third_Party/wolfSSL_wolfSSL_wolfSSL/wolfssl/wolfcrypt/src/fe_low_mem.c:144:5:curve25519	248	static
D:/TCC/A/nucleo/Middlewares/Third_Party/wolfSSL_wolfSSL_wolfSSL/wolfssl/wolfcrypt/src/fe_low_mem.c:191:13:raw_add	24	static
D:/TCC/A/nucleo/Middlewares/Third_Party/wolfSSL_wolfSSL_wolfSSL/wolfssl/wolfcrypt/src/fe_low_mem.c:204:13:raw_try_sub	56	static
D:/TCC/A/nucleo/Middlewares/Third_Party/wolfSSL_wolfSSL_wolfSSL/wolfssl/wolfcrypt/src/fe_low_mem.c:220:12:prime_msb	32	static
D:/TCC/A/nucleo/Middlewares/Third_Party/wolfSSL_wolfSSL_wolfSSL/wolfssl/wolfcrypt/src/fe_low_mem.c:247:6:fprime_select	32	static
D:/TCC/A/nucleo/Middlewares/Third_Party/wolfSSL_wolfSSL_wolfSSL/wolfssl/wolfcrypt/src/fe_low_mem.c:257:6:fprime_add	24	static
D:/TCC/A/nucleo/Middlewares/Third_Party/wolfSSL_wolfSSL_wolfSSL/wolfssl/wolfcrypt/src/fe_low_mem.c:264:6:fprime_sub	24	static
D:/TCC/A/nucleo/Middlewares/Third_Party/wolfSSL_wolfSSL_wolfSSL/wolfssl/wolfcrypt/src/fe_low_mem.c:272:6:fprime_mul	72	static
D:/TCC/A/nucleo/Middlewares/Third_Party/wolfSSL_wolfSSL_wolfSSL/wolfssl/wolfcrypt/src/fe_low_mem.c:299:6:fe_load	24	static
D:/TCC/A/nucleo/Middlewares/Third_Party/wolfSSL_wolfSSL_wolfSSL/wolfssl/wolfcrypt/src/fe_low_mem.c:313:6:fe_normalize	56	static
D:/TCC/A/nucleo/Middlewares/Third_Party/wolfSSL_wolfSSL_wolfSSL/wolfssl/wolfcrypt/src/fe_low_mem.c:349:6:fe_select	32	static
D:/TCC/A/nucleo/Middlewares/Third_Party/wolfSSL_wolfSSL_wolfSSL/wolfssl/wolfcrypt/src/fe_low_mem.c:361:6:lm_add	32	static
D:/TCC/A/nucleo/Middlewares/Third_Party/wolfSSL_wolfSSL_wolfSSL/wolfssl/wolfcrypt/src/fe_low_mem.c:385:6:lm_sub	32	static
D:/TCC/A/nucleo/Middlewares/Third_Party/wolfSSL_wolfSSL_wolfSSL/wolfssl/wolfcrypt/src/fe_low_mem.c:410:6:lm_neg	24	static
D:/TCC/A/nucleo/Middlewares/Third_Party/wolfSSL_wolfSSL_wolfSSL/wolfssl/wolfcrypt/src/fe_low_mem.c:435:6:fe_mul__distinct	40	static
D:/TCC/A/nucleo/Middlewares/Third_Party/wolfSSL_wolfSSL_wolfSSL/wolfssl/wolfcrypt/src/fe_low_mem.c:465:6:lm_mul	56	static
D:/TCC/A/nucleo/Middlewares/Third_Party/wolfSSL_wolfSSL_wolfSSL/wolfssl/wolfcrypt/src/fe_low_mem.c:474:6:fe_mul_c	32	static
D:/TCC/A/nucleo/Middlewares/Third_Party/wolfSSL_wolfSSL_wolfSSL/wolfssl/wolfcrypt/src/fe_low_mem.c:497:6:fe_inv__distinct	56	static
D:/TCC/A/nucleo/Middlewares/Third_Party/wolfSSL_wolfSSL_wolfSSL/wolfssl/wolfcrypt/src/fe_low_mem.c:548:6:lm_invert	48	static
D:/TCC/A/nucleo/Middlewares/Third_Party/wolfSSL_wolfSSL_wolfSSL/wolfssl/wolfcrypt/src/fe_low_mem.c:560:13:exp2523	32	static
D:/TCC/A/nucleo/Middlewares/Third_Party/wolfSSL_wolfSSL_wolfSSL/wolfssl/wolfcrypt/src/fe_low_mem.c:588:6:fe_sqrt	144	static
